// Jest Snapshot v1, https://goo.gl/fbAQLP

exports[`App renders app 1`] = `
<DocumentFragment>
  <div
    class="weather-app"
  >
    <div>
      <h1
        class="city-title"
      >
        , 
      </h1>
    </div>
    <div
      class="forecast-summaries"
    />
  </div>
</DocumentFragment>
`;
